isotile 1a82c571-7c5b-487f-a075-161e272ea1fe saved 1
isotile e93b5c51-af3c-47ab-9637-defb52748faa saved 1
isotile 8681018e-bafa-44b6-b178-6566bf9ddacf saved 1
isotile 4d1b7ced-f757-421a-93dc-fcda69f71202 saved 1
isotile 7575febc-cc2a-408c-8dd8-a0c338441c1d saved 1
isotile df955681-d1bb-4dea-9dbe-e684c3bd0bd9 saved 1
isotile 96a0abc5-3489-4407-93b2-d38c2ed17ece saved 1
saved D:\projects\AshenSanctum-art\generated\tree_twisted\image.png
saved D:\projects\AshenSanctum-art\generated\tree_mistpine\image.png
saved D:\projects\AshenSanctum-art\generated\glow_shrooms\image.png
saved D:\projects\AshenSanctum-art\generated\gravestone\image.png
saved D:\projects\AshenSanctum-art\generated\cottage_mist\image.png
saved D:\projects\AshenSanctum-art\generated\cottage_mist2\image.png
saved D:\projects\AshenSanctum-art\generated\gallows\image.png
saved D:\projects\AshenSanctum-art\generated\merchant_cart\image.png
saved D:\projects\AshenSanctum-art\generated\ent_chapel\image.png
saved D:\projects\AshenSanctum-art\generated\ent_gallows\image.png
saved D:\projects\AshenSanctum-art\generated\ent_barrow\image.png
saved D:\projects\AshenSanctum-art\generated\ent_castle\image.png
saved D:\projects\AshenSanctum-art\generated\pass_mist\image.png
act3 props done
