isotile eb320a40-901c-4248-8aa8-dbf4a47ad295 saved 1
isotile bb1e3fff-0a02-4650-a420-65822d92f323 saved 1
isotile d02f7de4-577b-4003-8144-ece50afd01a8 saved 1
isotile bd7e513b-1483-4749-aee8-2322b5ffaad3 saved 1
isotile c4d877f6-8053-4922-849c-4df6770e4035 saved 1
isotile 513c57c2-6a03-4018-a45c-2cd45c092d9c saved 1
isotile 8f6628dc-3334-45f2-9233-e6bd014a95aa saved 1
isotile 2ad38c41-0879-4190-a046-61fbd8e977b5 saved 1
saved D:\projects\AshenSanctum-art\generated\gear_tower\image.png
saved D:\projects\AshenSanctum-art\generated\steam_pipes\image.png
saved D:\projects\AshenSanctum-art\generated\steam_vent\image.png
saved D:\projects\AshenSanctum-art\generated\gas_lamp\image.png
saved D:\projects\AshenSanctum-art\generated\cog_pile\image.png
saved D:\projects\AshenSanctum-art\generated\workshop1\image.png
saved D:\projects\AshenSanctum-art\generated\workshop2\image.png
saved D:\projects\AshenSanctum-art\generated\clock_tower\image.png
saved D:\projects\AshenSanctum-art\generated\pendulum\image.png
saved D:\projects\AshenSanctum-art\generated\ent_foundry\image.png
saved D:\projects\AshenSanctum-art\generated\ent_choir\image.png
saved D:\projects\AshenSanctum-art\generated\ent_archive\image.png
saved D:\projects\AshenSanctum-art\generated\ent_clock\image.png
saved D:\projects\AshenSanctum-art\generated\gear_gate\image.png
act4 props done
