isotile 7513df36-1075-48b6-859b-d74c24eb5d0f saved 1
isotile 155292d0-c9cd-44dc-9632-3bfe64fd71d2 saved 1
isotile 136d242e-0c2f-4895-9e24-1ddf612477f1 saved 1
isotile 97d624b9-2627-4532-b597-2deb661c6c4c saved 1
isotile b0e22f98-d64e-4b3e-8339-67201a9cf28a saved 1
isotile d6605c27-59c1-4a1a-a9d1-962c6b3c8d58 saved 1
isotile a8670ca6-2bec-4db8-b1cf-5af5e169da9b saved 1
isotile 55ca9ea7-e42b-4e54-be95-0617b6c7625c saved 1
saved D:\projects\AshenSanctum-art\generated\kelp1\image.png
saved D:\projects\AshenSanctum-art\generated\coral1\image.png
saved D:\projects\AshenSanctum-art\generated\coral2\image.png
saved D:\projects\AshenSanctum-art\generated\wreck_hull\image.png
saved D:\projects\AshenSanctum-art\generated\whale_bones\image.png
saved D:\projects\AshenSanctum-art\generated\stilt_house1\image.png
saved D:\projects\AshenSanctum-art\generated\stilt_house2\image.png
retry prop shell_lamp 0 The read operation timed out
saved D:\projects\AshenSanctum-art\generated\shell_lamp\image.png
saved D:\projects\AshenSanctum-art\generated\anchor_rock\image.png
saved D:\projects\AshenSanctum-art\generated\diving_bell\image.png
saved D:\projects\AshenSanctum-art\generated\ent_wreck\image.png
saved D:\projects\AshenSanctum-art\generated\ent_cathedral\image.png
saved D:\projects\AshenSanctum-art\generated\ent_trench\image.png
saved D:\projects\AshenSanctum-art\generated\leviathan_coil\image.png
saved D:\projects\AshenSanctum-art\generated\brk_crate_4\image.png
saved D:\projects\AshenSanctum-art\generated\brk_barrel_4\image.png
saved D:\projects\AshenSanctum-art\generated\brk_urn_4\image.png
act5 props done
saved D:\projects\AshenSanctum-art\generated\act5_props_review.png
PROPS_DONE
