isotile d61544b5-6a6b-46b8-bf70-8b679cc59124 saved 1
isotile e7f8c8a2-651d-4ea0-9386-057a61c36d03 saved 1
isotile a819ebad-51a6-4356-bc9c-3c584777b770 saved 1
isotile eefbca2f-7d7d-4732-a25e-7bd1ca2f91bc saved 1
isotile f6b26b6c-e9d3-4716-848c-012950e70e6f saved 1
isotile 91ced2ac-c944-4a7e-92e9-52ae943a74a3 saved 1
isotile 23eab477-5f53-4d13-a549-cb78354b9a5d saved 1
isotile 11ced080-1798-4266-8e67-12b3415356b3 saved 1
saved D:\projects\AshenSanctum-art\generated\halo_arch\image.png
saved D:\projects\AshenSanctum-art\generated\sky_lamp\image.png
saved D:\projects\AshenSanctum-art\generated\cloud_tree\image.png
saved D:\projects\AshenSanctum-art\generated\marble_ruin\image.png
saved D:\projects\AshenSanctum-art\generated\sky_house1\image.png
saved D:\projects\AshenSanctum-art\generated\airship_dock\image.png
saved D:\projects\AshenSanctum-art\generated\light_stair\image.png
retry prop ent_spire 0 The read operation timed out
saved D:\projects\AshenSanctum-art\generated\ent_spire\image.png
act6 props done
nchoir\image.png
saved D:\projects\AshenSanctum-art\generated\ent_spire\image.png
saved D:\projects\AshenSanctum-art\generated\ent_wheel\image.png
saved D:\projects\AshenSanctum-art\generated\ent_zenith\image.png
saved D:\projects\AshenSanctum-art\generated\brk_crate_5\image.png
saved D:\projects\AshenSanctum-art\generated\brk_barrel_5\image.png
saved D:\projects\AshenSanctum-art\generated\brk_urn_5\image.png
act6 props done
DONE
DONE
