fetched fallen_seraph
character ec9ea4a5-16e4-428f-b642-67666995ca66
fetched fallen_serapcharacter 999a70d7-c881fetched ophanim
character 7a01060f-52fb-4aee-9c1c-e9f97character f4c43607-dc7c-4dd9-8365-b6d00cc81371
fetched storm_drake
made storm_drake
character 1d8879c4-fa33-4d6f-9e0c-e1676f61eeac
fetched ash_harpy
made ash_harpy
character fcbb8a1e-4244-4266-96c0-c718d7b23315
fetched gildecharacter 89f01d6b-dcb3-405a-8f9a-character 05ab472f-fa1c-4851-9cac-09e914247204
fetched sun_zealot
made sun_zealot
character de55ae5d-75d0-45c9-b54d-e50100647582
fetched thunderbird
made thundercharaccharacter a2b85461-15a4-4bc6-93eb-28c575f11d66
fetched npc_seraphine
made npc_seraphine
character 39545442-2d94-406d-8047-8e605a64f26d
fetched npc_bram
made npc_bram
character 6fd62db5-2aa7-4280-93c4-0ab1aadb6ce1
fetched npc_bram
made npc_bram
hacharacter cbd7fetched npc_deckhand
character ba05dfe3-2d4c-4cfa-94d3-3eba48bb2a06
fetchcharacter f3f07714-565d-453f-9db1-89fetched boss_vael
character 12fe886c-1332-4e94character aa7038c3-0131-4461-b89e-233b3d8a91ae
fetchedfetched boss_tempest
character 5fe46315-08dc-4400-9ade-33f98b8cb104
fetched boss_tempest
made boss_tempest
have boscharacterfetched boss_solanthos
character 8fa99065-542a-4003-a567-1b8f4c2277d5
fetched boss_solanthos
made boss_solanthos
act6 characters done
DONE
