character 228ecae6-91a0-4746-b85f-8764f36f41b1
fetched wolf
made wolf
character 4d2bf884-7b3f-47bb-91f0-671a99a58b05
fetched imp
made imp
character 42c16d24-8372-450e-91bb-aecb7badf50b
fetched archer
made archer
character 28ca4b81-30fa-4339-9201-e434bf43c557
fetched npc_elder
made npc_elder
character 9584786e-0554-483d-a646-17923ec35c17
fetched npc_merchant
made npc_merchant
character adc08c40-a36d-42c5-8a29-57da53e11d3d
fetched npc_healer
made npc_healer
character 5cd8c7c2-9857-4d9e-b6a0-d8c13d47ba70
fetched npc_guard
made npc_guard
character 92761d16-c446-4ff0-8125-8a01c37b12de
fetched npc_villager
made npc_villager
character fa974c6a-86cc-4d34-bf85-c6d22de3b5ea
