requested inquisitor_hero walking forward, censer on its chain swinging at her side ['south', 'south-east', 'east', 'north-east', 'north']
inquisitor_hero walking forward, censer on its chain swinging at her side now ['east', 'north', 'south', 'south-east']
inquisitor_hero walking forward, censer on its chain swinging at her side now ['east', 'north', 'north-east', 'south', 'south-east']
fetched inquisitor_hero
done inquisitor_hero walking forward, censer on its chain swinging at her side
requested inquisitor_hero swinging the spiked censer on its long chain forward like a flail ['south', 'south-east', 'east', 'north-east', 'north']
inquisitor_hero swinging the spiked censer on its long chain forward like a flail now ['north', 'north-east', 'south-east']
inquisitor_hero swinging the spiked censer on its long chain forward like a flail now ['north', 'north-east', 'south', 'south-east']
inquisitor_hero swinging the spiked censer on its long chain forward like a flail now ['east', 'north', 'north-east', 'south', 'south-east']
fetched inquisitor_hero
done inquisitor_hero swinging the spiked censer on its long chain forward like a flail
requested inquisitor_hero pointing one hand forward to burn a glowing sigil, censer hanging ['south', 'south-east', 'east', 'north-east', 'north']
inquisitor_hero pointing one hand forward to burn a glowing sigil, censer hanging now ['north-east', 'south']
inquisitor_hero pointing one hand forward to burn a glowing sigil, censer hanging now ['east', 'north', 'north-east', 'south', 'south-east']
fetched inquisitor_hero
done inquisitor_hero pointing one hand forward to burn a glowing sigil, censer hanging
requested inquisitor_hero spinning in place swinging the censer on its chain around her body ['south', 'south-east', 'east', 'north-east', 'north']
inquisitor_hero spinning in place swinging the censer on its chain around her body now ['north-east', 'south']
inquisitor_hero spinning in place swinging the censer on its chain around her body now ['east', 'north', 'north-east', 'south']
requested inquisitor_hero spinning in place swinging the censer on its chain around her body ['south-east']
inquisitor_hero spinning in place swinging the censer on its chain around her body now ['east', 'north', 'north-east', 'south', 'south-east']
fetched inquisitor_hero
done inquisitor_hero spinning in place swinging the censer on its chain around her body
inquisitor anims done
