isotile eac34d59-0343-42f6-a961-df46ea1719b9 saved 1
isotile d7d060d2-21fd-4a3e-9a5e-d732af472f0d saved 1
isotile 6023bc35-c140-40c5-a0d1-ad14635af948 saved 1
isotile cdaeaebb-f9ff-4391-884e-9e7ef83a7532 saved 1
isotile 8a200afc-2c3a-41c5-beb2-0c4419fc6a31 saved 1
saved D:\projects\AshenSanctum-art\generated\tree_oak\image.png
saved D:\projects\AshenSanctum-art\generated\tree_pine\image.png
saved D:\projects\AshenSanctum-art\generated\tree_dead\image.png
saved D:\projects\AshenSanctum-art\generated\rock1\image.png
saved D:\projects\AshenSanctum-art\generated\bush1\image.png
saved D:\projects\AshenSanctum-art\generated\house1\image.png
saved D:\projects\AshenSanctum-art\generated\house2\image.png
saved D:\projects\AshenSanctum-art\generated\tent1\image.png
saved D:\projects\AshenSanctum-art\generated\campfire\image.png
saved D:\projects\AshenSanctum-art\generated\well\image.png
saved D:\projects\AshenSanctum-art\generated\ent_crypt\image.png
saved D:\projects\AshenSanctum-art\generated\ent_warrens\image.png
saved D:\projects\AshenSanctum-art\generated\ent_catacombs\image.png
saved D:\projects\AshenSanctum-art\generated\ent_sanctum\image.png
saved D:\projects\AshenSanctum-art\generated\stairs_down\image.png
saved D:\projects\AshenSanctum-art\generated\stairs_up\image.png
saved D:\projects\AshenSanctum-art\generated\seal\image.png
