2026-09-30 12:34:43 /background-jobs/2286316d-c29e-4076-968b-9a7908bd2027 {"type": "usd", "usd": 0.0}
2026-09-30 12:34:49 /background-jobs/2286316d-c29e-4076-968b-9a7908bd2027 {"type": "usd", "usd": 0.0}
2026-09-30 12:34:52 /background-jobs/2140b38c-0644-401d-a06c-f1c3bd1d62a5 {"type": "usd", "usd": 0.0}
2026-09-30 12:34:55 /background-jobs/2286316d-c29e-4076-968b-9a7908bd2027 {"type": "usd", "usd": 0.0}
2026-09-30 12:34:56 /background-jobs/427a9d50-a396-404f-941a-8eb0432b9725 {"type": "usd", "usd": 0.0}
2026-09-30 12:34:58 /background-jobs/2140b38c-0644-401d-a06c-f1c3bd1d62a5 {"type": "usd", "usd": 0.0}
2026-09-30 12:35:00 /background-jobs/2286316d-c29e-4076-968b-9a7908bd2027 {"type": "usd", "usd": 0.0}
2026-09-30 12:35:02 /background-jobs/427a9d50-a396-404f-941a-8eb0432b9725 {"type": "usd", "usd": 0.0}
2026-09-30 12:35:04 /background-jobs/2140b38c-0644-401d-a06c-f1c3bd1d62a5 {"type": "usd", "usd": 0.0}
2026-09-30 12:35:07 /background-jobs/2286316d-c29e-4076-968b-9a7908bd2027 {"type": "usd", "usd": 0.0}
2026-09-30 12:35:08 /background-jobs/427a9d50-a396-404f-941a-8eb0432b9725 {"type": "usd", "usd": 0.0}
2026-09-30 12:35:10 /background-jobs/2140b38c-0644-401d-a06c-f1c3bd1d62a5 {"type": "usd", "usd": 0.0}
2026-09-30 12:35:14 /background-jobs/2286316d-c29e-4076-968b-9a7908bd2027 {"type": "usd", "usd": 0.0}
2026-09-30 12:35:16 /background-jobs/2140b38c-0644-401d-a06c-f1c3bd1d62a5 {"type": "usd", "usd": 0.0}
2026-09-30 12:35:17 /background-jobs/427a9d50-a396-404f-941a-8eb0432b9725 {"type": "usd", "usd": 0.0}
2026-09-30 12:35:20 /background-jobs/2286316d-c29e-4076-968b-9a7908bd2027 {"type": "usd", "usd": 0.0}
2026-09-30 12:35:22 /background-jobs/2140b38c-0644-401d-a06c-f1c3bd1d62a5 {"type": "generations", "generations": 1.0}
2026-09-30 12:35:23 /isometric-tiles/7cc8513e-13c3-4fa9-8633-fa4eb6cfe764 {"type": "generations", "generations": 1.0}
2026-09-30 12:35:23 /background-jobs/427a9d50-a396-404f-941a-8eb0432b9725 {"type": "usd", "usd": 0.0}
2026-09-30 12:35:24 /background-jobs/2239062e-b983-493b-9b6e-d10238bf91c7 {"type": "usd", "usd": 0.0}
2026-09-30 12:35:26 /background-jobs/2286316d-c29e-4076-968b-9a7908bd2027 {"type": "usd", "usd": 0.0}
2026-09-30 12:35:30 /background-jobs/2239062e-b983-493b-9b6e-d10238bf91c7 {"type": "usd", "usd": 0.0}
2026-09-30 12:35:32 /background-jobs/2286316d-c29e-4076-968b-9a7908bd2027 {"type": "usd", "usd": 0.0}
2026-09-30 12:35:36 /background-jobs/2239062e-b983-493b-9b6e-d10238bf91c7 {"type": "usd", "usd": 0.0}
2026-09-30 12:35:37 /background-jobs/2286316d-c29e-4076-968b-9a7908bd2027 {"type": "usd", "usd": 0.0}
2026-09-30 12:35:41 /background-jobs/2239062e-b983-493b-9b6e-d10238bf91c7 {"type": "generations", "generations": 1.0}
2026-09-30 12:35:42 /isometric-tiles/e1e92a1f-dc08-413d-a190-a08fcf0a81f6 {"type": "generations", "generations": 1.0}
2026-09-30 12:35:43 /background-jobs/2286316d-c29e-4076-968b-9a7908bd2027 {"type": "usd", "usd": 0.0}
2026-09-30 12:35:44 /background-jobs/e75424ab-ebff-4590-b9ff-5dbda811411f {"type": "usd", "usd": 0.0}
2026-09-30 12:35:44 /background-jobs/427a9d50-a396-404f-941a-8eb0432b9725 {"type": "usd", "usd": 0.0}
2026-09-30 12:35:49 /background-jobs/2286316d-c29e-4076-968b-9a7908bd2027 {"type": "generations", "generations": 1.0}
2026-09-30 12:35:54 /background-jobs/e75424ab-ebff-4590-b9ff-5dbda811411f {"type": "usd", "usd": 0.0}
2026-09-30 12:35:54 /background-jobs/427a9d50-a396-404f-941a-8eb0432b9725 {"type": "generations", "generations": 1.0}
2026-09-30 12:35:55 /background-jobs/2286316d-c29e-4076-968b-9a7908bd2027 {"type": "generations", "generations": 1.0}
2026-09-30 12:35:59 /background-jobs/e75424ab-ebff-4590-b9ff-5dbda811411f {"type": "usd", "usd": 0.0}
2026-09-30 12:35:59 /background-jobs/427a9d50-a396-404f-941a-8eb0432b9725 {"type": "generations", "generations": 1.0}
2026-09-30 12:36:05 /background-jobs/e75424ab-ebff-4590-b9ff-5dbda811411f {"type": "generations", "generations": 1.0}
2026-09-30 12:36:06 /isometric-tiles/6d25de73-7ad9-4e76-947e-432a3008c2a1 {"type": "generations", "generations": 1.0}
2026-09-30 12:36:08 /background-jobs/f0f870a4-f206-4e72-83a5-8b19867b5c2e {"type": "usd", "usd": 0.0}
2026-09-30 12:36:14 /background-jobs/f0f870a4-f206-4e72-83a5-8b19867b5c2e {"type": "usd", "usd": 0.0}
2026-09-30 12:36:20 /background-jobs/f0f870a4-f206-4e72-83a5-8b19867b5c2e {"type": "usd", "usd": 0.0}
2026-09-30 12:36:25 /background-jobs/f0f870a4-f206-4e72-83a5-8b19867b5c2e {"type": "usd", "usd": 0.0}
2026-09-30 12:36:31 /background-jobs/f0f870a4-f206-4e72-83a5-8b19867b5c2e {"type": "usd", "usd": 0.0}
2026-09-30 12:36:37 /background-jobs/f0f870a4-f206-4e72-83a5-8b19867b5c2e {"type": "usd", "usd": 0.0}
2026-09-30 12:36:42 /background-jobs/f0f870a4-f206-4e72-83a5-8b19867b5c2e {"type": "usd", "usd": 0.0}
2026-09-30 12:36:48 /background-jobs/f0f870a4-f206-4e72-83a5-8b19867b5c2e {"type": "usd", "usd": 0.0}
2026-09-30 12:36:48 /background-jobs/ae34f619-2e62-47d0-b1a8-8b153c206402 {"type": "usd", "usd": 0.0}
2026-09-30 12:36:54 /background-jobs/f0f870a4-f206-4e72-83a5-8b19867b5c2e {"type": "usd", "usd": 0.0}
2026-09-30 12:36:54 /background-jobs/ae34f619-2e62-47d0-b1a8-8b153c206402 {"type": "usd", "usd": 0.0}
2026-09-30 12:37:00 /background-jobs/f0f870a4-f206-4e72-83a5-8b19867b5c2e {"type": "usd", "usd": 0.0}
2026-09-30 12:37:00 /background-jobs/ae34f619-2e62-47d0-b1a8-8b153c206402 {"type": "usd", "usd": 0.0}
2026-09-30 12:37:05 /background-jobs/ae34f619-2e62-47d0-b1a8-8b153c206402 {"type": "usd", "usd": 0.0}
2026-09-30 12:37:05 /background-jobs/f0f870a4-f206-4e72-83a5-8b19867b5c2e {"type": "generations", "generations": 1.0}
2026-09-30 12:37:11 /background-jobs/ae34f619-2e62-47d0-b1a8-8b153c206402 {"type": "usd", "usd": 0.0}
2026-09-30 12:37:11 /background-jobs/f0f870a4-f206-4e72-83a5-8b19867b5c2e {"type": "generations", "generations": 1.0}
2026-09-30 12:37:17 /background-jobs/ae34f619-2e62-47d0-b1a8-8b153c206402 {"type": "usd", "usd": 0.0}
2026-09-30 12:37:23 /background-jobs/ae34f619-2e62-47d0-b1a8-8b153c206402 {"type": "usd", "usd": 0.0}
2026-09-30 12:37:29 /background-jobs/ae34f619-2e62-47d0-b1a8-8b153c206402 {"type": "usd", "usd": 0.0}
2026-09-30 12:37:35 /background-jobs/ae34f619-2e62-47d0-b1a8-8b153c206402 {"type": "usd", "usd": 0.0}
2026-09-30 12:37:43 /background-jobs/ae34f619-2e62-47d0-b1a8-8b153c206402 {"type": "usd", "usd": 0.0}
2026-09-30 12:37:49 /background-jobs/ae34f619-2e62-47d0-b1a8-8b153c206402 {"type": "usd", "usd": 0.0}
2026-09-30 12:37:54 /background-jobs/ae34f619-2e62-47d0-b1a8-8b153c206402 {"type": "usd", "usd": 0.0}
2026-09-30 12:38:01 /background-jobs/ae34f619-2e62-47d0-b1a8-8b153c206402 {"type": "usd", "usd": 0.0}
2026-09-30 12:38:06 /background-jobs/ae34f619-2e62-47d0-b1a8-8b153c206402 {"type": "usd", "usd": 0.0}
2026-09-30 12:38:12 /background-jobs/ae34f619-2e62-47d0-b1a8-8b153c206402 {"type": "usd", "usd": 0.0}
2026-09-30 12:38:17 /background-jobs/ae34f619-2e62-47d0-b1a8-8b153c206402 {"type": "usd", "usd": 0.0}
2026-09-30 12:38:23 /background-jobs/ae34f619-2e62-47d0-b1a8-8b153c206402 {"type": "usd", "usd": 0.0}
2026-09-30 12:38:29 /background-jobs/ae34f619-2e62-47d0-b1a8-8b153c206402 {"type": "usd", "usd": 0.0}
2026-09-30 12:38:34 /background-jobs/ae34f619-2e62-47d0-b1a8-8b153c206402 {"type": "usd", "usd": 0.0}
2026-09-30 12:38:40 /background-jobs/ae34f619-2e62-47d0-b1a8-8b153c206402 {"type": "usd", "usd": 0.0}
2026-09-30 12:38:46 /background-jobs/ae34f619-2e62-47d0-b1a8-8b153c206402 {"type": "usd", "usd": 0.0}
2026-09-30 12:38:51 /background-jobs/ae34f619-2e62-47d0-b1a8-8b153c206402 {"type": "usd", "usd": 0.0}
2026-09-30 12:38:57 /background-jobs/ae34f619-2e62-47d0-b1a8-8b153c206402 {"type": "usd", "usd": 0.0}
2026-09-30 12:39:03 /background-jobs/ae34f619-2e62-47d0-b1a8-8b153c206402 {"type": "usd", "usd": 0.0}
2026-09-30 12:39:09 /background-jobs/ae34f619-2e62-47d0-b1a8-8b153c206402 {"type": "usd", "usd": 0.0}
2026-09-30 12:39:14 /background-jobs/ae34f619-2e62-47d0-b1a8-8b153c206402 {"type": "usd", "usd": 0.0}
2026-09-30 12:39:20 /background-jobs/ae34f619-2e62-47d0-b1a8-8b153c206402 {"type": "usd", "usd": 0.0}
2026-09-30 12:39:26 /background-jobs/ae34f619-2e62-47d0-b1a8-8b153c206402 {"type": "usd", "usd": 0.0}
2026-09-30 12:39:32 /background-jobs/ae34f619-2e62-47d0-b1a8-8b153c206402 {"type": "usd", "usd": 0.0}
2026-09-30 12:39:37 /background-jobs/ae34f619-2e62-47d0-b1a8-8b153c206402 {"type": "usd", "usd": 0.0}
2026-09-30 12:39:43 /background-jobs/ae34f619-2e62-47d0-b1a8-8b153c206402 {"type": "usd", "usd": 0.0}
2026-09-30 12:39:49 /background-jobs/ae34f619-2e62-47d0-b1a8-8b153c206402 {"type": "usd", "usd": 0.0}
2026-09-30 12:39:54 /background-jobs/ae34f619-2e62-47d0-b1a8-8b153c206402 {"type": "usd", "usd": 0.0}
2026-09-30 12:40:00 /background-jobs/ae34f619-2e62-47d0-b1a8-8b153c206402 {"type": "usd", "usd": 0.0}
2026-09-30 12:40:06 /background-jobs/ae34f619-2e62-47d0-b1a8-8b153c206402 {"type": "usd", "usd": 0.0}
2026-09-30 12:40:11 /background-jobs/ae34f619-2e62-47d0-b1a8-8b153c206402 {"type": "usd", "usd": 0.0}
2026-09-30 12:40:18 /background-jobs/ae34f619-2e62-47d0-b1a8-8b153c206402 {"type": "usd", "usd": 0.0}
2026-09-30 12:40:23 /background-jobs/ae34f619-2e62-47d0-b1a8-8b153c206402 {"type": "usd", "usd": 0.0}
2026-09-30 12:40:31 /background-jobs/ae34f619-2e62-47d0-b1a8-8b153c206402 {"type": "usd", "usd": 0.0}
2026-09-30 12:40:36 /background-jobs/ae34f619-2e62-47d0-b1a8-8b153c206402 {"type": "usd", "usd": 0.0}
2026-09-30 12:40:42 /background-jobs/ae34f619-2e62-47d0-b1a8-8b153c206402 {"type": "usd", "usd": 0.0}
2026-09-30 12:40:48 /background-jobs/ae34f619-2e62-47d0-b1a8-8b153c206402 {"type": "usd", "usd": 0.0}
2026-09-30 12:40:54 /background-jobs/ae34f619-2e62-47d0-b1a8-8b153c206402 {"type": "usd", "usd": 0.0}
2026-09-30 12:40:59 /background-jobs/ae34f619-2e62-47d0-b1a8-8b153c206402 {"type": "usd", "usd": 0.0}
2026-09-30 12:41:05 /background-jobs/ae34f619-2e62-47d0-b1a8-8b153c206402 {"type": "usd", "usd": 0.0}
2026-09-30 12:41:11 /background-jobs/ae34f619-2e62-47d0-b1a8-8b153c206402 {"type": "usd", "usd": 0.0}
2026-09-30 12:41:16 /background-jobs/ae34f619-2e62-47d0-b1a8-8b153c206402 {"type": "usd", "usd": 0.0}
2026-09-30 12:41:22 /background-jobs/ae34f619-2e62-47d0-b1a8-8b153c206402 {"type": "usd", "usd": 0.0}
2026-09-30 12:41:28 /background-jobs/ae34f619-2e62-47d0-b1a8-8b153c206402 {"type": "usd", "usd": 0.0}
2026-09-30 12:41:33 /background-jobs/ae34f619-2e62-47d0-b1a8-8b153c206402 {"type": "usd", "usd": 0.0}
2026-09-30 12:41:39 /background-jobs/ae34f619-2e62-47d0-b1a8-8b153c206402 {"type": "usd", "usd": 0.0}
2026-09-30 12:41:45 /background-jobs/ae34f619-2e62-47d0-b1a8-8b153c206402 {"type": "usd", "usd": 0.0}
2026-09-30 12:41:50 /background-jobs/ae34f619-2e62-47d0-b1a8-8b153c206402 {"type": "usd", "usd": 0.0}
2026-09-30 12:41:56 /background-jobs/ae34f619-2e62-47d0-b1a8-8b153c206402 {"type": "usd", "usd": 0.0}
2026-09-30 12:42:02 /background-jobs/ae34f619-2e62-47d0-b1a8-8b153c206402 {"type": "usd", "usd": 0.0}
2026-09-30 12:42:08 /background-jobs/ae34f619-2e62-47d0-b1a8-8b153c206402 {"type": "usd", "usd": 0.0}
2026-09-30 12:42:14 /background-jobs/ae34f619-2e62-47d0-b1a8-8b153c206402 {"type": "usd", "usd": 0.0}
2026-09-30 12:42:20 /background-jobs/ae34f619-2e62-47d0-b1a8-8b153c206402 {"type": "usd", "usd": 0.0}
2026-09-30 12:42:26 /background-jobs/ae34f619-2e62-47d0-b1a8-8b153c206402 {"type": "usd", "usd": 0.0}
2026-09-30 12:42:32 /background-jobs/ae34f619-2e62-47d0-b1a8-8b153c206402 {"type": "usd", "usd": 0.0}
2026-09-30 12:42:37 /background-jobs/ae34f619-2e62-47d0-b1a8-8b153c206402 {"type": "usd", "usd": 0.0}
2026-09-30 12:42:43 /background-jobs/ae34f619-2e62-47d0-b1a8-8b153c206402 {"type": "generations", "generations": 1.0}
2026-09-30 12:42:45 /background-jobs/44aef766-be93-40b9-87f1-92b2a9616cc0 {"type": "usd", "usd": 0.0}
2026-09-30 12:42:51 /background-jobs/44aef766-be93-40b9-87f1-92b2a9616cc0 {"type": "usd", "usd": 0.0}
2026-09-30 12:42:59 /background-jobs/44aef766-be93-40b9-87f1-92b2a9616cc0 {"type": "usd", "usd": 0.0}
2026-09-30 12:43:05 /background-jobs/44aef766-be93-40b9-87f1-92b2a9616cc0 {"type": "usd", "usd": 0.0}
2026-09-30 12:43:11 /background-jobs/44aef766-be93-40b9-87f1-92b2a9616cc0 {"type": "usd", "usd": 0.0}
2026-09-30 12:43:17 /background-jobs/44aef766-be93-40b9-87f1-92b2a9616cc0 {"type": "usd", "usd": 0.0}
2026-09-30 12:43:22 /background-jobs/44aef766-be93-40b9-87f1-92b2a9616cc0 {"type": "usd", "usd": 0.0}
2026-09-30 12:43:28 /background-jobs/44aef766-be93-40b9-87f1-92b2a9616cc0 {"type": "usd", "usd": 0.0}
2026-09-30 12:43:36 /background-jobs/44aef766-be93-40b9-87f1-92b2a9616cc0 {"type": "usd", "usd": 0.0}
2026-09-30 12:43:43 /background-jobs/44aef766-be93-40b9-87f1-92b2a9616cc0 {"type": "usd", "usd": 0.0}
2026-09-30 12:43:48 /background-jobs/44aef766-be93-40b9-87f1-92b2a9616cc0 {"type": "usd", "usd": 0.0}
2026-09-30 12:43:54 /background-jobs/44aef766-be93-40b9-87f1-92b2a9616cc0 {"type": "usd", "usd": 0.0}
2026-09-30 12:44:00 /background-jobs/44aef766-be93-40b9-87f1-92b2a9616cc0 {"type": "usd", "usd": 0.0}
2026-09-30 12:44:06 /background-jobs/44aef766-be93-40b9-87f1-92b2a9616cc0 {"type": "usd", "usd": 0.0}
2026-09-30 12:44:11 /background-jobs/44aef766-be93-40b9-87f1-92b2a9616cc0 {"type": "usd", "usd": 0.0}
2026-09-30 12:44:17 /background-jobs/44aef766-be93-40b9-87f1-92b2a9616cc0 {"type": "usd", "usd": 0.0}
2026-09-30 12:44:23 /background-jobs/44aef766-be93-40b9-87f1-92b2a9616cc0 {"type": "usd", "usd": 0.0}
2026-09-30 12:44:29 /background-jobs/44aef766-be93-40b9-87f1-92b2a9616cc0 {"type": "usd", "usd": 0.0}
2026-09-30 12:44:34 /background-jobs/44aef766-be93-40b9-87f1-92b2a9616cc0 {"type": "usd", "usd": 0.0}
2026-09-30 12:44:40 /background-jobs/44aef766-be93-40b9-87f1-92b2a9616cc0 {"type": "usd", "usd": 0.0}
2026-09-30 12:44:46 /background-jobs/44aef766-be93-40b9-87f1-92b2a9616cc0 {"type": "usd", "usd": 0.0}
2026-09-30 12:44:52 /background-jobs/44aef766-be93-40b9-87f1-92b2a9616cc0 {"type": "usd", "usd": 0.0}
2026-09-30 12:44:58 /background-jobs/44aef766-be93-40b9-87f1-92b2a9616cc0 {"type": "usd", "usd": 0.0}
2026-09-30 12:45:04 /background-jobs/44aef766-be93-40b9-87f1-92b2a9616cc0 {"type": "usd", "usd": 0.0}
2026-09-30 12:45:09 /background-jobs/44aef766-be93-40b9-87f1-92b2a9616cc0 {"type": "usd", "usd": 0.0}
2026-09-30 12:45:15 /background-jobs/44aef766-be93-40b9-87f1-92b2a9616cc0 {"type": "usd", "usd": 0.0}
2026-09-30 12:45:21 /background-jobs/44aef766-be93-40b9-87f1-92b2a9616cc0 {"type": "usd", "usd": 0.0}
2026-09-30 12:45:27 /background-jobs/44aef766-be93-40b9-87f1-92b2a9616cc0 {"type": "usd", "usd": 0.0}
2026-09-30 12:45:34 /background-jobs/44aef766-be93-40b9-87f1-92b2a9616cc0 {"type": "usd", "usd": 0.0}
2026-09-30 12:45:39 /background-jobs/44aef766-be93-40b9-87f1-92b2a9616cc0 {"type": "usd", "usd": 0.0}
2026-09-30 12:45:45 /background-jobs/44aef766-be93-40b9-87f1-92b2a9616cc0 {"type": "generations", "generations": 1.0}
2026-09-30 12:45:51 /background-jobs/44aef766-be93-40b9-87f1-92b2a9616cc0 {"type": "generations", "generations": 1.0}
2026-09-30 12:45:52 /background-jobs/f9853879-3e74-453b-86c4-d815a7664ee9 {"type": "usd", "usd": 0.0}
2026-09-30 12:45:57 /background-jobs/f9853879-3e74-453b-86c4-d815a7664ee9 {"type": "usd", "usd": 0.0}
2026-09-30 12:46:04 /background-jobs/f9853879-3e74-453b-86c4-d815a7664ee9 {"type": "usd", "usd": 0.0}
2026-09-30 12:46:10 /background-jobs/f9853879-3e74-453b-86c4-d815a7664ee9 {"type": "usd", "usd": 0.0}
2026-09-30 12:46:15 /background-jobs/f9853879-3e74-453b-86c4-d815a7664ee9 {"type": "usd", "usd": 0.0}
2026-09-30 12:46:21 /background-jobs/f9853879-3e74-453b-86c4-d815a7664ee9 {"type": "usd", "usd": 0.0}
2026-09-30 12:46:27 /background-jobs/f9853879-3e74-453b-86c4-d815a7664ee9 {"type": "usd", "usd": 0.0}
2026-09-30 12:46:33 /background-jobs/f9853879-3e74-453b-86c4-d815a7664ee9 {"type": "usd", "usd": 0.0}
2026-09-30 12:46:39 /background-jobs/f9853879-3e74-453b-86c4-d815a7664ee9 {"type": "usd", "usd": 0.0}
2026-09-30 12:46:47 /background-jobs/f9853879-3e74-453b-86c4-d815a7664ee9 {"type": "usd", "usd": 0.0}
2026-09-30 12:46:53 /background-jobs/f9853879-3e74-453b-86c4-d815a7664ee9 {"type": "usd", "usd": 0.0}
2026-09-30 12:46:58 /background-jobs/f9853879-3e74-453b-86c4-d815a7664ee9 {"type": "usd", "usd": 0.0}
2026-09-30 12:47:04 /background-jobs/f9853879-3e74-453b-86c4-d815a7664ee9 {"type": "usd", "usd": 0.0}
2026-09-30 12:47:10 /background-jobs/f9853879-3e74-453b-86c4-d815a7664ee9 {"type": "usd", "usd": 0.0}
2026-09-30 12:47:16 /background-jobs/f9853879-3e74-453b-86c4-d815a7664ee9 {"type": "usd", "usd": 0.0}
2026-09-30 12:47:21 /background-jobs/f9853879-3e74-453b-86c4-d815a7664ee9 {"type": "usd", "usd": 0.0}
2026-09-30 12:47:27 /background-jobs/f9853879-3e74-453b-86c4-d815a7664ee9 {"type": "usd", "usd": 0.0}
2026-09-30 12:47:33 /background-jobs/f9853879-3e74-453b-86c4-d815a7664ee9 {"type": "usd", "usd": 0.0}
2026-09-30 12:47:43 /background-jobs/f9853879-3e74-453b-86c4-d815a7664ee9 {"type": "usd", "usd": 0.0}
2026-09-30 12:47:49 /background-jobs/f9853879-3e74-453b-86c4-d815a7664ee9 {"type": "usd", "usd": 0.0}
2026-09-30 12:47:55 /background-jobs/f9853879-3e74-453b-86c4-d815a7664ee9 {"type": "usd", "usd": 0.0}
2026-09-30 12:48:01 /background-jobs/f9853879-3e74-453b-86c4-d815a7664ee9 {"type": "generations", "generations": 1.0}
2026-09-30 12:48:01 /background-jobs/88199fe0-788e-4e11-bc3a-a87ca7a8f75a {"type": "usd", "usd": 0.0}
2026-09-30 12:48:07 /background-jobs/88199fe0-788e-4e11-bc3a-a87ca7a8f75a {"type": "usd", "usd": 0.0}
2026-09-30 12:48:13 /background-jobs/88199fe0-788e-4e11-bc3a-a87ca7a8f75a {"type": "usd", "usd": 0.0}
2026-09-30 12:48:18 /background-jobs/88199fe0-788e-4e11-bc3a-a87ca7a8f75a {"type": "usd", "usd": 0.0}
2026-09-30 12:48:24 /background-jobs/88199fe0-788e-4e11-bc3a-a87ca7a8f75a {"type": "usd", "usd": 0.0}
2026-09-30 12:48:30 /background-jobs/88199fe0-788e-4e11-bc3a-a87ca7a8f75a {"type": "usd", "usd": 0.0}
2026-09-30 12:48:36 /background-jobs/88199fe0-788e-4e11-bc3a-a87ca7a8f75a {"type": "usd", "usd": 0.0}
2026-09-30 12:48:41 /background-jobs/88199fe0-788e-4e11-bc3a-a87ca7a8f75a {"type": "usd", "usd": 0.0}
2026-09-30 12:48:47 /background-jobs/88199fe0-788e-4e11-bc3a-a87ca7a8f75a {"type": "usd", "usd": 0.0}
2026-09-30 12:48:53 /background-jobs/88199fe0-788e-4e11-bc3a-a87ca7a8f75a {"type": "usd", "usd": 0.0}
2026-09-30 12:48:59 /background-jobs/88199fe0-788e-4e11-bc3a-a87ca7a8f75a {"type": "usd", "usd": 0.0}
2026-09-30 12:49:05 /background-jobs/88199fe0-788e-4e11-bc3a-a87ca7a8f75a {"type": "usd", "usd": 0.0}
2026-09-30 12:49:10 /background-jobs/88199fe0-788e-4e11-bc3a-a87ca7a8f75a {"type": "usd", "usd": 0.0}
2026-09-30 12:49:16 /background-jobs/88199fe0-788e-4e11-bc3a-a87ca7a8f75a {"type": "usd", "usd": 0.0}
2026-09-30 12:49:22 /background-jobs/88199fe0-788e-4e11-bc3a-a87ca7a8f75a {"type": "usd", "usd": 0.0}
2026-09-30 12:49:27 /background-jobs/88199fe0-788e-4e11-bc3a-a87ca7a8f75a {"type": "usd", "usd": 0.0}
2026-09-30 12:49:34 /background-jobs/88199fe0-788e-4e11-bc3a-a87ca7a8f75a {"type": "usd", "usd": 0.0}
2026-09-30 12:49:39 /background-jobs/88199fe0-788e-4e11-bc3a-a87ca7a8f75a {"type": "usd", "usd": 0.0}
2026-09-30 12:49:45 /background-jobs/88199fe0-788e-4e11-bc3a-a87ca7a8f75a {"type": "usd", "usd": 0.0}
2026-09-30 12:49:51 /background-jobs/88199fe0-788e-4e11-bc3a-a87ca7a8f75a {"type": "usd", "usd": 0.0}
2026-09-30 12:49:57 /background-jobs/88199fe0-788e-4e11-bc3a-a87ca7a8f75a {"type": "usd", "usd": 0.0}
2026-09-30 12:50:03 /background-jobs/88199fe0-788e-4e11-bc3a-a87ca7a8f75a {"type": "usd", "usd": 0.0}
2026-09-30 12:50:08 /background-jobs/88199fe0-788e-4e11-bc3a-a87ca7a8f75a {"type": "usd", "usd": 0.0}
2026-09-30 12:50:14 /background-jobs/88199fe0-788e-4e11-bc3a-a87ca7a8f75a {"type": "usd", "usd": 0.0}
2026-09-30 12:50:20 /background-jobs/88199fe0-788e-4e11-bc3a-a87ca7a8f75a {"type": "usd", "usd": 0.0}
2026-09-30 12:50:24 /background-jobs/6b6f1463-a590-4549-9a7d-22088aa3b976 {"type": "usd", "usd": 0.0}
2026-09-30 12:50:28 /background-jobs/88199fe0-788e-4e11-bc3a-a87ca7a8f75a {"type": "usd", "usd": 0.0}
2026-09-30 12:50:30 /background-jobs/6b6f1463-a590-4549-9a7d-22088aa3b976 {"type": "usd", "usd": 0.0}
2026-09-30 12:50:33 /background-jobs/88199fe0-788e-4e11-bc3a-a87ca7a8f75a {"type": "usd", "usd": 0.0}
2026-09-30 12:50:36 /background-jobs/6b6f1463-a590-4549-9a7d-22088aa3b976 {"type": "usd", "usd": 0.0}
2026-09-30 12:50:39 /background-jobs/88199fe0-788e-4e11-bc3a-a87ca7a8f75a {"type": "usd", "usd": 0.0}
2026-09-30 12:50:41 /background-jobs/6b6f1463-a590-4549-9a7d-22088aa3b976 {"type": "usd", "usd": 0.0}
2026-09-30 12:50:45 /background-jobs/88199fe0-788e-4e11-bc3a-a87ca7a8f75a {"type": "usd", "usd": 0.0}
2026-09-30 12:50:47 /background-jobs/6b6f1463-a590-4549-9a7d-22088aa3b976 {"type": "usd", "usd": 0.0}
2026-09-30 12:50:50 /background-jobs/88199fe0-788e-4e11-bc3a-a87ca7a8f75a {"type": "usd", "usd": 0.0}
2026-09-30 12:50:53 /background-jobs/6b6f1463-a590-4549-9a7d-22088aa3b976 {"type": "usd", "usd": 0.0}
2026-09-30 12:50:56 /background-jobs/88199fe0-788e-4e11-bc3a-a87ca7a8f75a {"type": "usd", "usd": 0.0}
2026-09-30 12:50:58 /background-jobs/6b6f1463-a590-4549-9a7d-22088aa3b976 {"type": "usd", "usd": 0.0}
2026-09-30 12:51:02 /background-jobs/88199fe0-788e-4e11-bc3a-a87ca7a8f75a {"type": "usd", "usd": 0.0}
2026-09-30 12:51:04 /background-jobs/6b6f1463-a590-4549-9a7d-22088aa3b976 {"type": "usd", "usd": 0.0}
2026-09-30 12:51:09 /background-jobs/88199fe0-788e-4e11-bc3a-a87ca7a8f75a {"type": "usd", "usd": 0.0}
2026-09-30 12:51:10 /background-jobs/6b6f1463-a590-4549-9a7d-22088aa3b976 {"type": "usd", "usd": 0.0}
2026-09-30 12:51:15 /background-jobs/88199fe0-788e-4e11-bc3a-a87ca7a8f75a {"type": "usd", "usd": 0.0}
2026-09-30 12:51:16 /background-jobs/6b6f1463-a590-4549-9a7d-22088aa3b976 {"type": "usd", "usd": 0.0}
2026-09-30 12:51:20 /background-jobs/88199fe0-788e-4e11-bc3a-a87ca7a8f75a {"type": "usd", "usd": 0.0}
2026-09-30 12:51:22 /background-jobs/6b6f1463-a590-4549-9a7d-22088aa3b976 {"type": "usd", "usd": 0.0}
2026-09-30 12:51:26 /background-jobs/88199fe0-788e-4e11-bc3a-a87ca7a8f75a {"type": "usd", "usd": 0.0}
2026-09-30 12:51:28 /background-jobs/6b6f1463-a590-4549-9a7d-22088aa3b976 {"type": "usd", "usd": 0.0}
2026-09-30 12:51:32 /background-jobs/88199fe0-788e-4e11-bc3a-a87ca7a8f75a {"type": "usd", "usd": 0.0}
2026-09-30 12:51:34 /background-jobs/6b6f1463-a590-4549-9a7d-22088aa3b976 {"type": "usd", "usd": 0.0}
2026-09-30 12:51:37 /background-jobs/88199fe0-788e-4e11-bc3a-a87ca7a8f75a {"type": "usd", "usd": 0.0}
2026-09-30 12:51:39 /background-jobs/6b6f1463-a590-4549-9a7d-22088aa3b976 {"type": "usd", "usd": 0.0}
2026-09-30 12:51:43 /background-jobs/88199fe0-788e-4e11-bc3a-a87ca7a8f75a {"type": "usd", "usd": 0.0}
2026-09-30 12:51:45 /background-jobs/6b6f1463-a590-4549-9a7d-22088aa3b976 {"type": "usd", "usd": 0.0}
2026-09-30 12:51:49 /background-jobs/88199fe0-788e-4e11-bc3a-a87ca7a8f75a {"type": "usd", "usd": 0.0}
2026-09-30 12:51:50 /background-jobs/6b6f1463-a590-4549-9a7d-22088aa3b976 {"type": "usd", "usd": 0.0}
2026-09-30 12:51:54 /background-jobs/88199fe0-788e-4e11-bc3a-a87ca7a8f75a {"type": "usd", "usd": 0.0}
2026-09-30 12:51:57 /background-jobs/6b6f1463-a590-4549-9a7d-22088aa3b976 {"type": "usd", "usd": 0.0}
2026-09-30 12:52:00 /background-jobs/88199fe0-788e-4e11-bc3a-a87ca7a8f75a {"type": "usd", "usd": 0.0}
2026-09-30 12:52:03 /background-jobs/6b6f1463-a590-4549-9a7d-22088aa3b976 {"type": "usd", "usd": 0.0}
2026-09-30 12:52:06 /background-jobs/88199fe0-788e-4e11-bc3a-a87ca7a8f75a {"type": "usd", "usd": 0.0}
2026-09-30 12:52:09 /background-jobs/6b6f1463-a590-4549-9a7d-22088aa3b976 {"type": "usd", "usd": 0.0}
2026-09-30 12:52:11 /background-jobs/88199fe0-788e-4e11-bc3a-a87ca7a8f75a {"type": "usd", "usd": 0.0}
2026-09-30 12:52:16 /background-jobs/6b6f1463-a590-4549-9a7d-22088aa3b976 {"type": "usd", "usd": 0.0}
2026-09-30 12:52:18 /background-jobs/88199fe0-788e-4e11-bc3a-a87ca7a8f75a {"type": "usd", "usd": 0.0}
2026-09-30 12:52:22 /background-jobs/6b6f1463-a590-4549-9a7d-22088aa3b976 {"type": "usd", "usd": 0.0}
2026-09-30 12:52:25 /background-jobs/88199fe0-788e-4e11-bc3a-a87ca7a8f75a {"type": "usd", "usd": 0.0}
2026-09-30 12:52:28 /background-jobs/6b6f1463-a590-4549-9a7d-22088aa3b976 {"type": "usd", "usd": 0.0}
2026-09-30 12:52:31 /background-jobs/88199fe0-788e-4e11-bc3a-a87ca7a8f75a {"type": "usd", "usd": 0.0}
2026-09-30 12:52:34 /background-jobs/6b6f1463-a590-4549-9a7d-22088aa3b976 {"type": "usd", "usd": 0.0}
2026-09-30 12:52:37 /background-jobs/88199fe0-788e-4e11-bc3a-a87ca7a8f75a {"type": "usd", "usd": 0.0}
2026-09-30 12:52:40 /background-jobs/6b6f1463-a590-4549-9a7d-22088aa3b976 {"type": "usd", "usd": 0.0}
2026-09-30 12:52:43 /background-jobs/88199fe0-788e-4e11-bc3a-a87ca7a8f75a {"type": "usd", "usd": 0.0}
2026-09-30 12:52:45 /background-jobs/6b6f1463-a590-4549-9a7d-22088aa3b976 {"type": "usd", "usd": 0.0}
2026-09-30 12:52:48 /background-jobs/88199fe0-788e-4e11-bc3a-a87ca7a8f75a {"type": "usd", "usd": 0.0}
2026-09-30 12:52:51 /background-jobs/6b6f1463-a590-4549-9a7d-22088aa3b976 {"type": "usd", "usd": 0.0}
2026-09-30 12:52:54 /background-jobs/88199fe0-788e-4e11-bc3a-a87ca7a8f75a {"type": "usd", "usd": 0.0}
2026-09-30 12:52:57 /background-jobs/6b6f1463-a590-4549-9a7d-22088aa3b976 {"type": "usd", "usd": 0.0}
2026-09-30 12:53:00 /background-jobs/88199fe0-788e-4e11-bc3a-a87ca7a8f75a {"type": "usd", "usd": 0.0}
2026-09-30 12:53:03 /background-jobs/6b6f1463-a590-4549-9a7d-22088aa3b976 {"type": "usd", "usd": 0.0}
2026-09-30 12:53:05 /background-jobs/88199fe0-788e-4e11-bc3a-a87ca7a8f75a {"type": "usd", "usd": 0.0}
2026-09-30 12:53:09 /background-jobs/6b6f1463-a590-4549-9a7d-22088aa3b976 {"type": "usd", "usd": 0.0}
2026-09-30 12:53:11 /background-jobs/88199fe0-788e-4e11-bc3a-a87ca7a8f75a {"type": "usd", "usd": 0.0}
2026-09-30 12:53:14 /background-jobs/6b6f1463-a590-4549-9a7d-22088aa3b976 {"type": "usd", "usd": 0.0}
2026-09-30 12:53:16 /background-jobs/88199fe0-788e-4e11-bc3a-a87ca7a8f75a {"type": "usd", "usd": 0.0}
2026-09-30 12:53:20 /background-jobs/6b6f1463-a590-4549-9a7d-22088aa3b976 {"type": "usd", "usd": 0.0}
2026-09-30 12:53:22 /background-jobs/88199fe0-788e-4e11-bc3a-a87ca7a8f75a {"type": "usd", "usd": 0.0}
2026-09-30 12:53:26 /background-jobs/6b6f1463-a590-4549-9a7d-22088aa3b976 {"type": "usd", "usd": 0.0}
2026-09-30 12:53:28 /background-jobs/88199fe0-788e-4e11-bc3a-a87ca7a8f75a {"type": "usd", "usd": 0.0}
2026-09-30 12:53:31 /background-jobs/6b6f1463-a590-4549-9a7d-22088aa3b976 {"type": "usd", "usd": 0.0}
2026-09-30 12:53:37 /background-jobs/6b6f1463-a590-4549-9a7d-22088aa3b976 {"type": "usd", "usd": 0.0}
2026-09-30 12:53:37 /background-jobs/88199fe0-788e-4e11-bc3a-a87ca7a8f75a {"type": "usd", "usd": 0.0}
2026-09-30 12:53:44 /background-jobs/88199fe0-788e-4e11-bc3a-a87ca7a8f75a {"type": "usd", "usd": 0.0}
2026-09-30 12:53:44 /background-jobs/6b6f1463-a590-4549-9a7d-22088aa3b976 {"type": "usd", "usd": 0.0}
2026-09-30 12:53:49 /background-jobs/88199fe0-788e-4e11-bc3a-a87ca7a8f75a {"type": "generations", "generations": 1.0}
2026-09-30 12:53:50 /background-jobs/6b6f1463-a590-4549-9a7d-22088aa3b976 {"type": "usd", "usd": 0.0}
2026-09-30 12:53:56 /background-jobs/88199fe0-788e-4e11-bc3a-a87ca7a8f75a {"type": "generations", "generations": 1.0}
2026-09-30 12:53:56 /background-jobs/6b6f1463-a590-4549-9a7d-22088aa3b976 {"type": "usd", "usd": 0.0}
2026-09-30 12:53:57 /background-jobs/f30cb07f-7a0f-496d-b91d-f084de7085e0 {"type": "usd", "usd": 0.0}
2026-09-30 12:54:02 /background-jobs/6b6f1463-a590-4549-9a7d-22088aa3b976 {"type": "usd", "usd": 0.0}
2026-09-30 12:54:03 /background-jobs/f30cb07f-7a0f-496d-b91d-f084de7085e0 {"type": "usd", "usd": 0.0}
2026-09-30 12:54:07 /background-jobs/6b6f1463-a590-4549-9a7d-22088aa3b976 {"type": "usd", "usd": 0.0}
2026-09-30 12:54:08 /background-jobs/f30cb07f-7a0f-496d-b91d-f084de7085e0 {"type": "usd", "usd": 0.0}
2026-09-30 12:54:10 /background-jobs/f8a4f13b-9e5b-49cc-b0d2-3c1ec4a14c3a {"type": "usd", "usd": 0.0}
2026-09-30 12:54:13 /background-jobs/6b6f1463-a590-4549-9a7d-22088aa3b976 {"type": "usd", "usd": 0.0}
2026-09-30 12:54:14 /background-jobs/f30cb07f-7a0f-496d-b91d-f084de7085e0 {"type": "usd", "usd": 0.0}
2026-09-30 12:54:16 /background-jobs/f8a4f13b-9e5b-49cc-b0d2-3c1ec4a14c3a {"type": "usd", "usd": 0.0}
2026-09-30 12:54:19 /background-jobs/6b6f1463-a590-4549-9a7d-22088aa3b976 {"type": "usd", "usd": 0.0}
2026-09-30 12:54:20 /background-jobs/f30cb07f-7a0f-496d-b91d-f084de7085e0 {"type": "usd", "usd": 0.0}
2026-09-30 12:54:21 /background-jobs/f8a4f13b-9e5b-49cc-b0d2-3c1ec4a14c3a {"type": "usd", "usd": 0.0}
2026-09-30 12:54:24 /background-jobs/6b6f1463-a590-4549-9a7d-22088aa3b976 {"type": "usd", "usd": 0.0}
2026-09-30 12:54:25 /background-jobs/f30cb07f-7a0f-496d-b91d-f084de7085e0 {"type": "usd", "usd": 0.0}
2026-09-30 12:54:27 /background-jobs/f8a4f13b-9e5b-49cc-b0d2-3c1ec4a14c3a {"type": "usd", "usd": 0.0}
2026-09-30 12:54:30 /background-jobs/6b6f1463-a590-4549-9a7d-22088aa3b976 {"type": "usd", "usd": 0.0}
2026-09-30 12:54:31 /background-jobs/f30cb07f-7a0f-496d-b91d-f084de7085e0 {"type": "usd", "usd": 0.0}
2026-09-30 12:54:33 /background-jobs/f8a4f13b-9e5b-49cc-b0d2-3c1ec4a14c3a {"type": "usd", "usd": 0.0}
2026-09-30 12:54:36 /background-jobs/6b6f1463-a590-4549-9a7d-22088aa3b976 {"type": "usd", "usd": 0.0}
2026-09-30 12:54:38 /background-jobs/f30cb07f-7a0f-496d-b91d-f084de7085e0 {"type": "usd", "usd": 0.0}
2026-09-30 12:54:39 /background-jobs/f8a4f13b-9e5b-49cc-b0d2-3c1ec4a14c3a {"type": "usd", "usd": 0.0}
2026-09-30 12:54:41 /background-jobs/6b6f1463-a590-4549-9a7d-22088aa3b976 {"type": "usd", "usd": 0.0}
2026-09-30 12:54:43 /background-jobs/f30cb07f-7a0f-496d-b91d-f084de7085e0 {"type": "usd", "usd": 0.0}
2026-09-30 12:54:45 /background-jobs/f8a4f13b-9e5b-49cc-b0d2-3c1ec4a14c3a {"type": "usd", "usd": 0.0}
2026-09-30 12:54:47 /background-jobs/6b6f1463-a590-4549-9a7d-22088aa3b976 {"type": "usd", "usd": 0.0}
2026-09-30 12:54:50 /background-jobs/f30cb07f-7a0f-496d-b91d-f084de7085e0 {"type": "usd", "usd": 0.0}
2026-09-30 12:54:51 /background-jobs/f8a4f13b-9e5b-49cc-b0d2-3c1ec4a14c3a {"type": "usd", "usd": 0.0}
2026-09-30 12:54:53 /background-jobs/6b6f1463-a590-4549-9a7d-22088aa3b976 {"type": "usd", "usd": 0.0}
2026-09-30 12:54:56 /background-jobs/f30cb07f-7a0f-496d-b91d-f084de7085e0 {"type": "usd", "usd": 0.0}
2026-09-30 12:54:56 /background-jobs/f8a4f13b-9e5b-49cc-b0d2-3c1ec4a14c3a {"type": "usd", "usd": 0.0}
2026-09-30 12:54:58 /background-jobs/6b6f1463-a590-4549-9a7d-22088aa3b976 {"type": "usd", "usd": 0.0}
2026-09-30 12:55:02 /background-jobs/f8a4f13b-9e5b-49cc-b0d2-3c1ec4a14c3a {"type": "usd", "usd": 0.0}
2026-09-30 12:55:02 /background-jobs/f30cb07f-7a0f-496d-b91d-f084de7085e0 {"type": "usd", "usd": 0.0}
2026-09-30 12:55:04 /background-jobs/6b6f1463-a590-4549-9a7d-22088aa3b976 {"type": "usd", "usd": 0.0}
2026-09-30 12:55:08 /background-jobs/f8a4f13b-9e5b-49cc-b0d2-3c1ec4a14c3a {"type": "usd", "usd": 0.0}
2026-09-30 12:55:08 /background-jobs/f30cb07f-7a0f-496d-b91d-f084de7085e0 {"type": "usd", "usd": 0.0}
2026-09-30 12:55:10 /background-jobs/6b6f1463-a590-4549-9a7d-22088aa3b976 {"type": "usd", "usd": 0.0}
2026-09-30 12:55:14 /background-jobs/f8a4f13b-9e5b-49cc-b0d2-3c1ec4a14c3a {"type": "usd", "usd": 0.0}
2026-09-30 12:55:14 /background-jobs/f30cb07f-7a0f-496d-b91d-f084de7085e0 {"type": "usd", "usd": 0.0}
2026-09-30 12:55:17 /background-jobs/6b6f1463-a590-4549-9a7d-22088aa3b976 {"type": "usd", "usd": 0.0}
2026-09-30 13:24:47 /background-jobs/52315772-95ad-42e7-8fa8-0b8215d10f75 {"type": "usd", "usd": 0.0}
2026-09-30 13:24:52 /background-jobs/52315772-95ad-42e7-8fa8-0b8215d10f75 {"type": "usd", "usd": 0.0}
2026-09-30 13:24:58 /background-jobs/52315772-95ad-42e7-8fa8-0b8215d10f75 {"type": "usd", "usd": 0.0}
2026-09-30 13:25:04 /background-jobs/52315772-95ad-42e7-8fa8-0b8215d10f75 {"type": "usd", "usd": 0.0}
2026-09-30 13:25:10 /background-jobs/52315772-95ad-42e7-8fa8-0b8215d10f75 {"type": "usd", "usd": 0.0}
2026-09-30 13:25:16 /background-jobs/52315772-95ad-42e7-8fa8-0b8215d10f75 {"type": "usd", "usd": 0.0}
2026-09-30 13:25:22 /background-jobs/52315772-95ad-42e7-8fa8-0b8215d10f75 {"type": "usd", "usd": 0.0}
2026-09-30 13:25:27 /background-jobs/52315772-95ad-42e7-8fa8-0b8215d10f75 {"type": "usd", "usd": 0.0}
2026-09-30 13:25:33 /background-jobs/52315772-95ad-42e7-8fa8-0b8215d10f75 {"type": "usd", "usd": 0.0}
2026-09-30 13:25:39 /background-jobs/52315772-95ad-42e7-8fa8-0b8215d10f75 {"type": "usd", "usd": 0.0}
2026-09-30 13:25:45 /background-jobs/52315772-95ad-42e7-8fa8-0b8215d10f75 {"type": "usd", "usd": 0.0}
2026-09-30 13:25:51 /background-jobs/52315772-95ad-42e7-8fa8-0b8215d10f75 {"type": "usd", "usd": 0.0}
2026-09-30 13:25:56 /background-jobs/52315772-95ad-42e7-8fa8-0b8215d10f75 {"type": "usd", "usd": 0.0}
2026-09-30 13:26:02 /background-jobs/52315772-95ad-42e7-8fa8-0b8215d10f75 {"type": "usd", "usd": 0.0}
2026-09-30 13:26:07 /background-jobs/52315772-95ad-42e7-8fa8-0b8215d10f75 {"type": "usd", "usd": 0.0}
2026-09-30 13:26:13 /background-jobs/52315772-95ad-42e7-8fa8-0b8215d10f75 {"type": "usd", "usd": 0.0}
2026-09-30 13:26:19 /background-jobs/52315772-95ad-42e7-8fa8-0b8215d10f75 {"type": "usd", "usd": 0.0}
2026-09-30 13:26:25 /background-jobs/52315772-95ad-42e7-8fa8-0b8215d10f75 {"type": "usd", "usd": 0.0}
2026-09-30 13:26:30 /background-jobs/52315772-95ad-42e7-8fa8-0b8215d10f75 {"type": "usd", "usd": 0.0}
2026-09-30 13:26:37 /background-jobs/52315772-95ad-42e7-8fa8-0b8215d10f75 {"type": "usd", "usd": 0.0}
2026-09-30 13:26:43 /background-jobs/52315772-95ad-42e7-8fa8-0b8215d10f75 {"type": "usd", "usd": 0.0}
2026-09-30 13:26:48 /background-jobs/52315772-95ad-42e7-8fa8-0b8215d10f75 {"type": "usd", "usd": 0.0}
2026-09-30 13:26:55 /background-jobs/52315772-95ad-42e7-8fa8-0b8215d10f75 {"type": "usd", "usd": 0.0}
2026-09-30 13:27:00 /background-jobs/52315772-95ad-42e7-8fa8-0b8215d10f75 {"type": "usd", "usd": 0.0}
2026-09-30 13:27:06 /background-jobs/52315772-95ad-42e7-8fa8-0b8215d10f75 {"type": "usd", "usd": 0.0}
2026-09-30 13:27:12 /background-jobs/52315772-95ad-42e7-8fa8-0b8215d10f75 {"type": "usd", "usd": 0.0}
2026-09-30 13:27:18 /background-jobs/52315772-95ad-42e7-8fa8-0b8215d10f75 {"type": "usd", "usd": 0.0}
2026-09-30 13:27:24 /background-jobs/52315772-95ad-42e7-8fa8-0b8215d10f75 {"type": "usd", "usd": 0.0}
2026-09-30 13:27:29 /background-jobs/52315772-95ad-42e7-8fa8-0b8215d10f75 {"type": "usd", "usd": 0.0}
2026-09-30 13:27:35 /background-jobs/52315772-95ad-42e7-8fa8-0b8215d10f75 {"type": "usd", "usd": 0.0}
2026-09-30 13:27:41 /background-jobs/52315772-95ad-42e7-8fa8-0b8215d10f75 {"type": "usd", "usd": 0.0}
2026-09-30 13:27:46 /background-jobs/52315772-95ad-42e7-8fa8-0b8215d10f75 {"type": "usd", "usd": 0.0}
2026-09-30 13:27:53 /background-jobs/52315772-95ad-42e7-8fa8-0b8215d10f75 {"type": "usd", "usd": 0.0}
2026-09-30 13:27:58 /background-jobs/52315772-95ad-42e7-8fa8-0b8215d10f75 {"type": "usd", "usd": 0.0}
2026-09-30 13:28:04 /background-jobs/52315772-95ad-42e7-8fa8-0b8215d10f75 {"type": "usd", "usd": 0.0}
2026-09-30 13:28:10 /background-jobs/52315772-95ad-42e7-8fa8-0b8215d10f75 {"type": "usd", "usd": 0.0}
2026-09-30 13:28:16 /background-jobs/52315772-95ad-42e7-8fa8-0b8215d10f75 {"type": "usd", "usd": 0.0}
2026-09-30 13:28:22 /background-jobs/52315772-95ad-42e7-8fa8-0b8215d10f75 {"type": "usd", "usd": 0.0}
2026-09-30 13:28:27 /background-jobs/52315772-95ad-42e7-8fa8-0b8215d10f75 {"type": "usd", "usd": 0.0}
2026-09-30 13:28:33 /background-jobs/52315772-95ad-42e7-8fa8-0b8215d10f75 {"type": "usd", "usd": 0.0}
2026-09-30 13:28:39 /background-jobs/52315772-95ad-42e7-8fa8-0b8215d10f75 {"type": "usd", "usd": 0.0}
2026-09-30 13:28:45 /background-jobs/52315772-95ad-42e7-8fa8-0b8215d10f75 {"type": "usd", "usd": 0.0}
2026-09-30 13:28:51 /background-jobs/52315772-95ad-42e7-8fa8-0b8215d10f75 {"type": "usd", "usd": 0.0}
2026-09-30 13:28:56 /background-jobs/52315772-95ad-42e7-8fa8-0b8215d10f75 {"type": "usd", "usd": 0.0}
2026-09-30 13:29:02 /background-jobs/52315772-95ad-42e7-8fa8-0b8215d10f75 {"type": "usd", "usd": 0.0}
2026-09-30 13:29:08 /background-jobs/52315772-95ad-42e7-8fa8-0b8215d10f75 {"type": "usd", "usd": 0.0}
2026-09-30 13:29:14 /background-jobs/52315772-95ad-42e7-8fa8-0b8215d10f75 {"type": "usd", "usd": 0.0}
2026-09-30 13:29:19 /background-jobs/52315772-95ad-42e7-8fa8-0b8215d10f75 {"type": "usd", "usd": 0.0}
2026-09-30 13:29:25 /background-jobs/52315772-95ad-42e7-8fa8-0b8215d10f75 {"type": "usd", "usd": 0.0}
2026-09-30 13:29:30 /background-jobs/52315772-95ad-42e7-8fa8-0b8215d10f75 {"type": "usd", "usd": 0.0}
2026-09-30 13:29:36 /background-jobs/52315772-95ad-42e7-8fa8-0b8215d10f75 {"type": "usd", "usd": 0.0}
2026-09-30 13:29:42 /background-jobs/52315772-95ad-42e7-8fa8-0b8215d10f75 {"type": "usd", "usd": 0.0}
2026-09-30 13:29:48 /background-jobs/52315772-95ad-42e7-8fa8-0b8215d10f75 {"type": "usd", "usd": 0.0}
2026-09-30 13:29:54 /background-jobs/52315772-95ad-42e7-8fa8-0b8215d10f75 {"type": "usd", "usd": 0.0}
2026-09-30 13:29:59 /background-jobs/52315772-95ad-42e7-8fa8-0b8215d10f75 {"type": "usd", "usd": 0.0}
2026-09-30 13:30:05 /background-jobs/52315772-95ad-42e7-8fa8-0b8215d10f75 {"type": "usd", "usd": 0.0}
2026-09-30 13:30:11 /background-jobs/52315772-95ad-42e7-8fa8-0b8215d10f75 {"type": "usd", "usd": 0.0}
2026-09-30 13:30:16 /background-jobs/52315772-95ad-42e7-8fa8-0b8215d10f75 {"type": "usd", "usd": 0.0}
2026-09-30 13:30:22 /background-jobs/52315772-95ad-42e7-8fa8-0b8215d10f75 {"type": "usd", "usd": 0.0}
2026-09-30 13:30:28 /background-jobs/52315772-95ad-42e7-8fa8-0b8215d10f75 {"type": "usd", "usd": 0.0}
2026-09-30 13:30:34 /background-jobs/52315772-95ad-42e7-8fa8-0b8215d10f75 {"type": "usd", "usd": 0.0}
2026-09-30 13:30:39 /background-jobs/52315772-95ad-42e7-8fa8-0b8215d10f75 {"type": "usd", "usd": 0.0}
2026-09-30 13:30:45 /background-jobs/52315772-95ad-42e7-8fa8-0b8215d10f75 {"type": "usd", "usd": 0.0}
2026-09-30 13:30:51 /background-jobs/52315772-95ad-42e7-8fa8-0b8215d10f75 {"type": "usd", "usd": 0.0}
2026-09-30 13:30:57 /background-jobs/52315772-95ad-42e7-8fa8-0b8215d10f75 {"type": "usd", "usd": 0.0}
2026-09-30 13:31:03 /background-jobs/52315772-95ad-42e7-8fa8-0b8215d10f75 {"type": "usd", "usd": 0.0}
2026-09-30 13:31:09 /background-jobs/52315772-95ad-42e7-8fa8-0b8215d10f75 {"type": "usd", "usd": 0.0}
2026-09-30 13:31:15 /background-jobs/52315772-95ad-42e7-8fa8-0b8215d10f75 {"type": "usd", "usd": 0.0}
2026-09-30 13:31:21 /background-jobs/52315772-95ad-42e7-8fa8-0b8215d10f75 {"type": "usd", "usd": 0.0}
2026-09-30 13:31:27 /background-jobs/52315772-95ad-42e7-8fa8-0b8215d10f75 {"type": "usd", "usd": 0.0}
2026-09-30 13:31:35 /background-jobs/52315772-95ad-42e7-8fa8-0b8215d10f75 {"type": "usd", "usd": 0.0}
2026-09-30 13:31:59 /background-jobs/52315772-95ad-42e7-8fa8-0b8215d10f75 {"type": "usd", "usd": 0.0}
2026-09-30 13:32:05 /background-jobs/52315772-95ad-42e7-8fa8-0b8215d10f75 {"type": "usd", "usd": 0.0}
2026-09-30 13:32:11 /background-jobs/52315772-95ad-42e7-8fa8-0b8215d10f75 {"type": "usd", "usd": 0.0}
2026-09-30 13:32:17 /background-jobs/52315772-95ad-42e7-8fa8-0b8215d10f75 {"type": "usd", "usd": 0.0}
2026-09-30 13:32:22 /background-jobs/52315772-95ad-42e7-8fa8-0b8215d10f75 {"type": "usd", "usd": 0.0}
2026-09-30 13:32:28 /background-jobs/52315772-95ad-42e7-8fa8-0b8215d10f75 {"type": "usd", "usd": 0.0}
2026-09-30 13:32:34 /background-jobs/52315772-95ad-42e7-8fa8-0b8215d10f75 {"type": "usd", "usd": 0.0}
2026-09-30 13:32:41 /background-jobs/52315772-95ad-42e7-8fa8-0b8215d10f75 {"type": "usd", "usd": 0.0}
2026-09-30 13:32:46 /background-jobs/52315772-95ad-42e7-8fa8-0b8215d10f75 {"type": "usd", "usd": 0.0}
2026-09-30 13:32:53 /background-jobs/52315772-95ad-42e7-8fa8-0b8215d10f75 {"type": "usd", "usd": 0.0}
2026-09-30 13:32:59 /background-jobs/52315772-95ad-42e7-8fa8-0b8215d10f75 {"type": "usd", "usd": 0.0}
2026-09-30 13:56:22 /background-jobs/856c4581-32b7-40a7-a6b4-47ed3d54b479 {"type": "usd", "usd": 0.0}
2026-09-30 13:56:22 /background-jobs/97b70693-446a-44a7-b9fe-8ad3d49f2228 {"type": "usd", "usd": 0.0}
2026-09-30 14:06:39 /background-jobs/856c4581-32b7-40a7-a6b4-47ed3d54b479 {"type": "generations", "generations": 1.0}
2026-09-30 14:06:43 /background-jobs/3f4a6e9d-ce06-4b80-ab36-2a9f008345eb {"type": "usd", "usd": 0.0}
2026-09-30 14:06:44 /background-jobs/212f8f02-9245-4601-b3a5-05b9584c6afb {"type": "usd", "usd": 0.0}
2026-09-30 14:06:44 /background-jobs/97b70693-446a-44a7-b9fe-8ad3d49f2228 {"type": "usd", "usd": 0.0}
