2026-10-06 17:58:22 inventor_0 {"input_tokens": 272, "input_tokens_details": {"image_tokens": 0, "text_tokens": 272}, "output_tokens": 6240, "output_tokens_details": {"image_tokens": 6240, "text_tokens": 0}, "total_tokens": 6512}
2026-10-06 17:59:19 inventor_1 {"input_tokens": 272, "input_tokens_details": {"image_tokens": 0, "text_tokens": 272}, "output_tokens": 6240, "output_tokens_details": {"image_tokens": 6240, "text_tokens": 0}, "total_tokens": 6512}
2026-10-06 18:00:27 inquisitor_0 {"input_tokens": 226, "input_tokens_details": {"image_tokens": 0, "text_tokens": 226}, "output_tokens": 6240, "output_tokens_details": {"image_tokens": 6240, "text_tokens": 0}, "total_tokens": 6466}
2026-10-06 18:01:33 inquisitor_1 {"input_tokens": 226, "input_tokens_details": {"image_tokens": 0, "text_tokens": 226}, "output_tokens": 6240, "output_tokens_details": {"image_tokens": 6240, "text_tokens": 0}, "total_tokens": 6466}
2026-10-06 18:01:41 inventor_2 {"input_tokens": 313, "input_tokens_details": {"image_tokens": 0, "text_tokens": 313}, "output_tokens": 6240, "output_tokens_details": {"image_tokens": 6240, "text_tokens": 0}, "total_tokens": 6553}
2026-10-06 18:02:32 sorceress_0 {"input_tokens": 184, "input_tokens_details": {"image_tokens": 0, "text_tokens": 184}, "output_tokens": 6240, "output_tokens_details": {"image_tokens": 6240, "text_tokens": 0}, "total_tokens": 6424}
2026-10-06 18:02:41 inventor_3 {"input_tokens": 313, "input_tokens_details": {"image_tokens": 0, "text_tokens": 313}, "output_tokens": 6240, "output_tokens_details": {"image_tokens": 6240, "text_tokens": 0}, "total_tokens": 6553}
2026-10-06 18:03:33 sorceress_1 {"input_tokens": 184, "input_tokens_details": {"image_tokens": 0, "text_tokens": 184}, "output_tokens": 6240, "output_tokens_details": {"image_tokens": 6240, "text_tokens": 0}, "total_tokens": 6424}
2026-10-06 18:04:27 sprite_inquisitor_0 {"input_tokens": 254, "input_tokens_details": {"image_tokens": 0, "text_tokens": 254}, "output_tokens": 6208, "output_tokens_details": {"image_tokens": 6208, "text_tokens": 0}, "total_tokens": 6462}
2026-10-06 18:04:36 vampire_0 {"input_tokens": 182, "input_tokens_details": {"image_tokens": 0, "text_tokens": 182}, "output_tokens": 6240, "output_tokens_details": {"image_tokens": 6240, "text_tokens": 0}, "total_tokens": 6422}
2026-10-06 18:05:30 sprite_inquisitor_1 {"input_tokens": 254, "input_tokens_details": {"image_tokens": 0, "text_tokens": 254}, "output_tokens": 6208, "output_tokens_details": {"image_tokens": 6208, "text_tokens": 0}, "total_tokens": 6462}
2026-10-06 18:05:32 vampire_1 {"input_tokens": 182, "input_tokens_details": {"image_tokens": 0, "text_tokens": 182}, "output_tokens": 6240, "output_tokens_details": {"image_tokens": 6240, "text_tokens": 0}, "total_tokens": 6422}
2026-10-06 18:06:29 valkyrie_0 {"input_tokens": 249, "input_tokens_details": {"image_tokens": 0, "text_tokens": 249}, "output_tokens": 6240, "output_tokens_details": {"image_tokens": 6240, "text_tokens": 0}, "total_tokens": 6489}
2026-10-06 18:07:16 inventor_4 edit of 0 {"input_tokens": 433, "input_tokens_details": {"image_tokens": 323, "text_tokens": 110}, "output_tokens": 6240, "output_tokens_details": {"image_tokens": 6240, "text_tokens": 0}, "total_tokens": 6673}
2026-10-06 18:07:26 valkyrie_1 {"input_tokens": 249, "input_tokens_details": {"image_tokens": 0, "text_tokens": 249}, "output_tokens": 6240, "output_tokens_details": {"image_tokens": 6240, "text_tokens": 0}, "total_tokens": 6489}
2026-10-06 18:08:26 berserker_0 {"input_tokens": 237, "input_tokens_details": {"image_tokens": 0, "text_tokens": 237}, "output_tokens": 6240, "output_tokens_details": {"image_tokens": 6240, "text_tokens": 0}, "total_tokens": 6477}
2026-10-06 18:09:20 berserker_1 {"input_tokens": 237, "input_tokens_details": {"image_tokens": 0, "text_tokens": 237}, "output_tokens": 6240, "output_tokens_details": {"image_tokens": 6240, "text_tokens": 0}, "total_tokens": 6477}
2026-10-06 18:10:17 reaper_0 {"input_tokens": 194, "input_tokens_details": {"image_tokens": 0, "text_tokens": 194}, "output_tokens": 6240, "output_tokens_details": {"image_tokens": 6240, "text_tokens": 0}, "total_tokens": 6434}
2026-10-06 18:11:15 reaper_1 {"input_tokens": 194, "input_tokens_details": {"image_tokens": 0, "text_tokens": 194}, "output_tokens": 6240, "output_tokens_details": {"image_tokens": 6240, "text_tokens": 0}, "total_tokens": 6434}
2026-10-06 18:12:12 druid_0 {"input_tokens": 211, "input_tokens_details": {"image_tokens": 0, "text_tokens": 211}, "output_tokens": 6240, "output_tokens_details": {"image_tokens": 6240, "text_tokens": 0}, "total_tokens": 6451}
2026-10-06 18:13:08 druid_1 {"input_tokens": 211, "input_tokens_details": {"image_tokens": 0, "text_tokens": 211}, "output_tokens": 6240, "output_tokens_details": {"image_tokens": 6240, "text_tokens": 0}, "total_tokens": 6451}
2026-10-06 18:43:52 valkyrie_2 {"input_tokens": 310, "input_tokens_details": {"image_tokens": 0, "text_tokens": 310}, "output_tokens": 6240, "output_tokens_details": {"image_tokens": 6240, "text_tokens": 0}, "total_tokens": 6550}
2026-10-06 18:44:50 valkyrie_3 {"input_tokens": 310, "input_tokens_details": {"image_tokens": 0, "text_tokens": 310}, "output_tokens": 6240, "output_tokens_details": {"image_tokens": 6240, "text_tokens": 0}, "total_tokens": 6550}
2026-10-06 18:45:39 valkyrie_4 {"input_tokens": 310, "input_tokens_details": {"image_tokens": 0, "text_tokens": 310}, "output_tokens": 6240, "output_tokens_details": {"image_tokens": 6240, "text_tokens": 0}, "total_tokens": 6550}
2026-10-06 18:50:15 reaper_2 {"input_tokens": 288, "input_tokens_details": {"image_tokens": 0, "text_tokens": 288}, "output_tokens": 6240, "output_tokens_details": {"image_tokens": 6240, "text_tokens": 0}, "total_tokens": 6528}
2026-10-06 18:51:14 reaper_3 {"input_tokens": 288, "input_tokens_details": {"image_tokens": 0, "text_tokens": 288}, "output_tokens": 6240, "output_tokens_details": {"image_tokens": 6240, "text_tokens": 0}, "total_tokens": 6528}
2026-10-06 18:52:13 reaper_4 {"input_tokens": 288, "input_tokens_details": {"image_tokens": 0, "text_tokens": 288}, "output_tokens": 6240, "output_tokens_details": {"image_tokens": 6240, "text_tokens": 0}, "total_tokens": 6528}
2026-10-08 13:05:47 sprite_junkgolem_0 {"input_tokens": 280, "input_tokens_details": {"image_tokens": 0, "text_tokens": 280}, "output_tokens": 6208, "output_tokens_details": {"image_tokens": 6208, "text_tokens": 0}, "total_tokens": 6488}
